
Memory Configuration

Name             Origin             Length             Attributes
flash            0x08000000         0x00020000         xr
sram             0x20000000         0x00005000         xrw
*default*        0x00000000         0xffffffff

Linker script and memory map


.text           0x08000000      0x12b
 *(.vectors*)
 .vectors       0x08000000       0x1c startup.o
                0x08000000                vectorsp
 *(.text*)
 .text          0x0800001c       0x7c main.o
                0x0800001c                main
 .text          0x08000098       0x90 startup.o
                0x08000098                Hfault_handler
                0x08000098                Default_handler
                0x08000098                Usage_handler
                0x08000098                MMfault_handler
                0x08000098                Busfault_handler
                0x08000098                NMI_handler
                0x080000a4                Reset_handler
 *(.rodata)
 .rodata        0x08000128        0x3 main.o
                0x08000128                const_variables
                0x0800012b                _E_Text = .

.glue_7         0x0800012c        0x0
 .glue_7        0x0800012c        0x0 linker stubs

.glue_7t        0x0800012c        0x0
 .glue_7t       0x0800012c        0x0 linker stubs

.vfp11_veneer   0x0800012c        0x0
 .vfp11_veneer  0x0800012c        0x0 linker stubs

.v4_bx          0x0800012c        0x0
 .v4_bx         0x0800012c        0x0 linker stubs

.iplt           0x0800012c        0x0
 .iplt          0x0800012c        0x0 main.o

.rel.dyn        0x0800012c        0x0
 .rel.iplt      0x0800012c        0x0 main.o

.data           0x20000000        0x8 load address 0x0800012b
                0x20000000                _S_Data = .
 *(.data)
 .data          0x20000000        0x7 main.o
                0x20000000                R_ODR
                0x20000004                g_variables
 .data          0x20000007        0x0 startup.o
                0x20000008                . = ALIGN (0x4)
 *fill*         0x20000007        0x1 
                0x20000008                _E_Data = .

.igot.plt       0x20000008        0x0 load address 0x08000133
 .igot.plt      0x20000008        0x0 main.o

.bss            0x20000008     0x1000 load address 0x08000133
                0x20000008                _S_Bss = .
 *(.bss)
 .bss           0x20000008        0x0 main.o
 .bss           0x20000008        0x0 startup.o
                0x20000008                _E_Bss = .
                0x20000008                . = ALIGN (0x4)
                0x20001008                . = (. + 0x1000)
 *fill*         0x20000008     0x1000 
                0x20001008                _Stack_top = .
LOAD main.o
LOAD startup.o
OUTPUT(lab2-cortex-m3.elf elf32-littlearm)

.debug_info     0x00000000      0x32c
 .debug_info    0x00000000      0x19d main.o
 .debug_info    0x0000019d      0x18f startup.o

.debug_abbrev   0x00000000      0x1cb
 .debug_abbrev  0x00000000       0xf7 main.o
 .debug_abbrev  0x000000f7       0xd4 startup.o

.debug_loc      0x00000000       0xb4
 .debug_loc     0x00000000       0x38 main.o
 .debug_loc     0x00000038       0x7c startup.o

.debug_aranges  0x00000000       0x40
 .debug_aranges
                0x00000000       0x20 main.o
 .debug_aranges
                0x00000020       0x20 startup.o

.debug_line     0x00000000      0x269
 .debug_line    0x00000000      0x12b main.o
 .debug_line    0x0000012b      0x13e startup.o

.debug_str      0x00000000      0x1ce
 .debug_str     0x00000000      0x14d main.o
                                0x18a (size before relaxing)
 .debug_str     0x0000014d       0x81 startup.o
                                0x1b2 (size before relaxing)

.comment        0x00000000       0x7e
 .comment       0x00000000       0x7e main.o
                                 0x7f (size before relaxing)
 .comment       0x0000007e       0x7f startup.o

.ARM.attributes
                0x00000000       0x33
 .ARM.attributes
                0x00000000       0x33 main.o
 .ARM.attributes
                0x00000033       0x33 startup.o

.debug_frame    0x00000000       0x7c
 .debug_frame   0x00000000       0x2c main.o
 .debug_frame   0x0000002c       0x50 startup.o
